123.125.71.36 - - [06/Apr/2017:18:08:25 +0800] "GET / HTTP/1.1" 200 8642 "-" "Mozilla/5.0 (compatible; Baiduspider/2.0; \
+http://www.baidu.com/search/spider.html)"
